// Jest Snapshot v1, https://goo.gl/fbAQLP

exports[`CurrencySelect render snapshot 1`] = `
<Styled(TouchableOpacity)
  disabled={false}
  onPress={[Function]}
>
  <Styled(Text)>
    text
  </Styled(Text)>
</Styled(TouchableOpacity)>
`;
