// Jest Snapshot v1, https://goo.gl/fbAQLP

exports[`PostJob.WrapperTitle render snapshot 1`] = `
<Styled(Text)
  error={false}
>
  title
</Styled(Text)>
`;
