// Jest Snapshot v1, https://goo.gl/fbAQLP

exports[`PuckButton render snapshot 1`] = `
<Styled(TouchableOpacity)
  onPress={[Function]}
  outline={false}
  style={Object {}}
>
  <Styled(Text)
    outline={false}
    style={Object {}}
  />
</Styled(TouchableOpacity)>
`;
